// Jest Snapshot v1, https://goo.gl/fbAQLP

exports[`Avatar component renders correctly 1`] = `
<div
  className="avatar-container"
>
  <img
    alt="user-logo"
    className="avatar-icon"
    src="https://spotim-demo-chat-server.herokuapp.com/avatars/005-bullbasaur.png"
  />
</div>
`;
